Traceback (most recent call last):
  File "/home/runner/work/neurodent/neurodent/.venv/lib/python3.10/site-packages/jupyter_cache/executors/utils.py", line 58, in single_nb_execution
    executenb(
  File "/home/runner/work/neurodent/neurodent/.venv/lib/python3.10/site-packages/nbclient/client.py", line 1319, in execute
    return NotebookClient(nb=nb, resources=resources, km=km, **kwargs).execute()
  File "/home/runner/work/neurodent/neurodent/.venv/lib/python3.10/site-packages/jupyter_core/utils/__init__.py", line 165, in wrapped
    return loop.run_until_complete(inner)
  File "/home/runner/work/_temp/uv-python-dir/cpython-3.10.8-linux-x86_64-gnu/lib/python3.10/asyncio/base_events.py", line 649, in run_until_complete
    return future.result()
  File "/home/runner/work/neurodent/neurodent/.venv/lib/python3.10/site-packages/nbclient/client.py", line 709, in async_execute
    await self.async_execute_cell(
  File "/home/runner/work/neurodent/neurodent/.venv/lib/python3.10/site-packages/nbclient/client.py", line 1062, in async_execute_cell
    await self._check_raise_for_error(cell, cell_index, exec_reply)
  File "/home/runner/work/neurodent/neurodent/.venv/lib/python3.10/site-packages/nbclient/client.py", line 918, in _check_raise_for_error
    raise CellExecutionError.from_cell_and_msg(cell, exec_reply_content)
nbclient.exceptions.CellExecutionError: An error occurred while executing the following cell:
------------------
from neurodent import core

# Set a custom temporary directory
# core.set_temp_directory("/path/to/your/temp/dir")

# Check the current temp directory
print(f"Using temp directory: {core.get_temp_directory()}")

------------------


[0;31m---------------------------------------------------------------------------[0m
[0;31mAttributeError[0m                            Traceback (most recent call last)
Cell [0;32mIn[2], line 7[0m
[1;32m      1[0m [38;5;28;01mfrom[39;00m[38;5;250m [39m[38;5;21;01mneurodent[39;00m[38;5;250m [39m[38;5;28;01mimport[39;00m core
[1;32m      3[0m [38;5;66;03m# Set a custom temporary directory[39;00m
[1;32m      4[0m [38;5;66;03m# core.set_temp_directory("/path/to/your/temp/dir")[39;00m
[1;32m      5[0m 
[1;32m      6[0m [38;5;66;03m# Check the current temp directory[39;00m
[0;32m----> 7[0m [38;5;28mprint[39m([38;5;124mf[39m[38;5;124m"[39m[38;5;124mUsing temp directory: [39m[38;5;132;01m{[39;00m[43mcore[49m[38;5;241;43m.[39;49m[43mget_temp_directory[49m()[38;5;132;01m}[39;00m[38;5;124m"[39m)

[0;31mAttributeError[0m: module 'neurodent.core' has no attribute 'get_temp_directory'

