Traceback (most recent call last):
  File "/home/runner/work/neurodent/neurodent/.venv/lib/python3.10/site-packages/jupyter_cache/executors/utils.py", line 58, in single_nb_execution
    executenb(
  File "/home/runner/work/neurodent/neurodent/.venv/lib/python3.10/site-packages/nbclient/client.py", line 1319, in execute
    return NotebookClient(nb=nb, resources=resources, km=km, **kwargs).execute()
  File "/home/runner/work/neurodent/neurodent/.venv/lib/python3.10/site-packages/jupyter_core/utils/__init__.py", line 165, in wrapped
    return loop.run_until_complete(inner)
  File "/home/runner/work/_temp/uv-python-dir/cpython-3.10.8-linux-x86_64-gnu/lib/python3.10/asyncio/base_events.py", line 649, in run_until_complete
    return future.result()
  File "/home/runner/work/neurodent/neurodent/.venv/lib/python3.10/site-packages/nbclient/client.py", line 709, in async_execute
    await self.async_execute_cell(
  File "/home/runner/work/neurodent/neurodent/.venv/lib/python3.10/site-packages/nbclient/client.py", line 1062, in async_execute_cell
    await self._check_raise_for_error(cell, cell_index, exec_reply)
  File "/home/runner/work/neurodent/neurodent/.venv/lib/python3.10/site-packages/nbclient/client.py", line 918, in _check_raise_for_error
    raise CellExecutionError.from_cell_and_msg(cell, exec_reply_content)
nbclient.exceptions.CellExecutionError: An error occurred while executing the following cell:
------------------
# Load data
data_path = Path("/path/to/spike/data")
animal_id = "animal_001"

# Create AnimalOrganizer using pattern-based discovery
ao = AnimalOrganizer(
    pattern=str(data_path / "**/*.edf"),
    animal_id=animal_id,
    lro_kwargs={"mode": "si", "extract_func": "read_edf"},
)
------------------

----- stderr -----
/tmp/ipykernel_4037/4017517205.py:6: UserWarning: Pattern has no placeholders (e.g., '{animal}', '{session}'). Metadata extraction will be limited. Got: '/path/to/spike/data/**/*.edf'
  ao = AnimalOrganizer(
------------------

[0;31m---------------------------------------------------------------------------[0m
[0;31mValueError[0m                                Traceback (most recent call last)
Cell [0;32mIn[2], line 6[0m
[1;32m      3[0m animal_id [38;5;241m=[39m [38;5;124m"[39m[38;5;124manimal_001[39m[38;5;124m"[39m
[1;32m      5[0m [38;5;66;03m# Create AnimalOrganizer using pattern-based discovery[39;00m
[0;32m----> 6[0m ao [38;5;241m=[39m [43mAnimalOrganizer[49m[43m([49m
[1;32m      7[0m [43m    [49m[43mpattern[49m[38;5;241;43m=[39;49m[38;5;28;43mstr[39;49m[43m([49m[43mdata_path[49m[43m [49m[38;5;241;43m/[39;49m[43m [49m[38;5;124;43m"[39;49m[38;5;124;43m**/*.edf[39;49m[38;5;124;43m"[39;49m[43m)[49m[43m,[49m
[1;32m      8[0m [43m    [49m[43manimal_id[49m[38;5;241;43m=[39;49m[43manimal_id[49m[43m,[49m
[1;32m      9[0m [43m    [49m[43mlro_kwargs[49m[38;5;241;43m=[39;49m[43m{[49m[38;5;124;43m"[39;49m[38;5;124;43mmode[39;49m[38;5;124;43m"[39;49m[43m:[49m[43m [49m[38;5;124;43m"[39;49m[38;5;124;43msi[39;49m[38;5;124;43m"[39;49m[43m,[49m[43m [49m[38;5;124;43m"[39;49m[38;5;124;43mextract_func[39;49m[38;5;124;43m"[39;49m[43m:[49m[43m [49m[38;5;124;43m"[39;49m[38;5;124;43mread_edf[39;49m[38;5;124;43m"[39;49m[43m}[49m[43m,[49m
[1;32m     10[0m [43m)[49m

File [0;32m~/work/neurodent/neurodent/src/neurodent/loading/animal_organizer.py:143[0m, in [0;36mAnimalOrganizer.__init__[0;34m(self, pattern, animal_id, skip_sessions, truncate, lro_kwargs, normalize_session, validate_only)[0m
[1;32m    140[0m         [38;5;28mself[39m[38;5;241m.[39m_animalday_folder_groups[session][38;5;241m.[39mappend(path_val)
[1;32m    142[0m [38;5;28;01mif[39;00m [38;5;129;01mnot[39;00m [38;5;28mself[39m[38;5;241m.[39m_animalday_folder_groups:
[0;32m--> 143[0m     [38;5;28;01mraise[39;00m [38;5;167;01mValueError[39;00m([38;5;124mf[39m[38;5;124m"[39m[38;5;124mNo items discovered for pattern: [39m[38;5;132;01m{[39;00mpattern[38;5;132;01m}[39;00m[38;5;124m"[39m)
[1;32m    145[0m [38;5;28;01mif[39;00m truncate:
[1;32m    147[0m     truncate [38;5;241m=[39m parse_truncate(truncate)

[0;31mValueError[0m: No items discovered for pattern: /path/to/spike/data/**/*.edf

