Traceback (most recent call last):
  File "/home/runner/work/neurodent/neurodent/.venv/lib/python3.10/site-packages/jupyter_cache/executors/utils.py", line 58, in single_nb_execution
    executenb(
  File "/home/runner/work/neurodent/neurodent/.venv/lib/python3.10/site-packages/nbclient/client.py", line 1319, in execute
    return NotebookClient(nb=nb, resources=resources, km=km, **kwargs).execute()
  File "/home/runner/work/neurodent/neurodent/.venv/lib/python3.10/site-packages/jupyter_core/utils/__init__.py", line 165, in wrapped
    return loop.run_until_complete(inner)
  File "/home/runner/work/_temp/uv-python-dir/cpython-3.10.8-linux-x86_64-gnu/lib/python3.10/asyncio/base_events.py", line 649, in run_until_complete
    return future.result()
  File "/home/runner/work/neurodent/neurodent/.venv/lib/python3.10/site-packages/nbclient/client.py", line 709, in async_execute
    await self.async_execute_cell(
  File "/home/runner/work/neurodent/neurodent/.venv/lib/python3.10/site-packages/nbclient/client.py", line 1062, in async_execute_cell
    await self._check_raise_for_error(cell, cell_index, exec_reply)
  File "/home/runner/work/neurodent/neurodent/.venv/lib/python3.10/site-packages/nbclient/client.py", line 918, in _check_raise_for_error
    raise CellExecutionError.from_cell_and_msg(cell, exec_reply_content)
nbclient.exceptions.CellExecutionError: An error occurred while executing the following cell:
------------------
import sys
from pathlib import Path
import logging
from datetime import datetime

import numpy as np
import matplotlib.pyplot as plt
import pandas as pd

from neurodent import core, visualization, constants

logging.basicConfig(level=logging.INFO)
logger = logging.getLogger()
------------------


[0;31m---------------------------------------------------------------------------[0m
[0;31mImportError[0m                               Traceback (most recent call last)
Cell [0;32mIn[1], line 10[0m
[1;32m      7[0m [38;5;28;01mimport[39;00m[38;5;250m [39m[38;5;21;01mmatplotlib[39;00m[38;5;21;01m.[39;00m[38;5;21;01mpyplot[39;00m[38;5;250m [39m[38;5;28;01mas[39;00m[38;5;250m [39m[38;5;21;01mplt[39;00m
[1;32m      8[0m [38;5;28;01mimport[39;00m[38;5;250m [39m[38;5;21;01mpandas[39;00m[38;5;250m [39m[38;5;28;01mas[39;00m[38;5;250m [39m[38;5;21;01mpd[39;00m
[0;32m---> 10[0m [38;5;28;01mfrom[39;00m[38;5;250m [39m[38;5;21;01mneurodent[39;00m[38;5;250m [39m[38;5;28;01mimport[39;00m core, visualization, constants
[1;32m     12[0m logging[38;5;241m.[39mbasicConfig(level[38;5;241m=[39mlogging[38;5;241m.[39mINFO)
[1;32m     13[0m logger [38;5;241m=[39m logging[38;5;241m.[39mgetLogger()

[0;31mImportError[0m: cannot import name 'visualization' from 'neurodent' (/home/runner/work/neurodent/neurodent/src/neurodent/__init__.py)

