Traceback (most recent call last):
  File "/home/runner/work/neurodent/neurodent/.venv/lib/python3.10/site-packages/jupyter_cache/executors/utils.py", line 58, in single_nb_execution
    executenb(
  File "/home/runner/work/neurodent/neurodent/.venv/lib/python3.10/site-packages/nbclient/client.py", line 1319, in execute
    return NotebookClient(nb=nb, resources=resources, km=km, **kwargs).execute()
  File "/home/runner/work/neurodent/neurodent/.venv/lib/python3.10/site-packages/jupyter_core/utils/__init__.py", line 165, in wrapped
    return loop.run_until_complete(inner)
  File "/home/runner/work/_temp/uv-python-dir/cpython-3.10.8-linux-x86_64-gnu/lib/python3.10/asyncio/base_events.py", line 649, in run_until_complete
    return future.result()
  File "/home/runner/work/neurodent/neurodent/.venv/lib/python3.10/site-packages/nbclient/client.py", line 709, in async_execute
    await self.async_execute_cell(
  File "/home/runner/work/neurodent/neurodent/.venv/lib/python3.10/site-packages/nbclient/client.py", line 1062, in async_execute_cell
    await self._check_raise_for_error(cell, cell_index, exec_reply)
  File "/home/runner/work/neurodent/neurodent/.venv/lib/python3.10/site-packages/nbclient/client.py", line 918, in _check_raise_for_error
    raise CellExecutionError.from_cell_and_msg(cell, exec_reply_content)
nbclient.exceptions.CellExecutionError: An error occurred while executing the following cell:
------------------
# Example: Loading binary files
data_path = Path("/path/to/binary/data")
animal_id = "animal_001"

lro_bin = core.LongRecordingOrganizer(
    base_folder=data_path,
    animal_id=animal_id,
    mode="bin",  # Specify binary mode
)

print(f"Loaded {len(lro_bin.recordings)} binary recordings")
print(f"Sample rate: {lro_bin.recordings[0].get_sampling_frequency()} Hz")
print(f"Channels: {lro_bin.recordings[0].get_channel_ids()}")
------------------


[0;31m---------------------------------------------------------------------------[0m
[0;31mAttributeError[0m                            Traceback (most recent call last)
Cell [0;32mIn[2], line 5[0m
[1;32m      2[0m data_path [38;5;241m=[39m Path([38;5;124m"[39m[38;5;124m/path/to/binary/data[39m[38;5;124m"[39m)
[1;32m      3[0m animal_id [38;5;241m=[39m [38;5;124m"[39m[38;5;124manimal_001[39m[38;5;124m"[39m
[0;32m----> 5[0m lro_bin [38;5;241m=[39m [43mcore[49m[38;5;241;43m.[39;49m[43mLongRecordingOrganizer[49m(
[1;32m      6[0m     base_folder[38;5;241m=[39mdata_path,
[1;32m      7[0m     animal_id[38;5;241m=[39manimal_id,
[1;32m      8[0m     mode[38;5;241m=[39m[38;5;124m"[39m[38;5;124mbin[39m[38;5;124m"[39m,  [38;5;66;03m# Specify binary mode[39;00m
[1;32m      9[0m )
[1;32m     11[0m [38;5;28mprint[39m([38;5;124mf[39m[38;5;124m"[39m[38;5;124mLoaded [39m[38;5;132;01m{[39;00m[38;5;28mlen[39m(lro_bin[38;5;241m.[39mrecordings)[38;5;132;01m}[39;00m[38;5;124m binary recordings[39m[38;5;124m"[39m)
[1;32m     12[0m [38;5;28mprint[39m([38;5;124mf[39m[38;5;124m"[39m[38;5;124mSample rate: [39m[38;5;132;01m{[39;00mlro_bin[38;5;241m.[39mrecordings[[38;5;241m0[39m][38;5;241m.[39mget_sampling_frequency()[38;5;132;01m}[39;00m[38;5;124m Hz[39m[38;5;124m"[39m)

[0;31mAttributeError[0m: module 'neurodent.core' has no attribute 'LongRecordingOrganizer'

